17:13:26 **** Incremental Build of configuration Debug for project RTC_LCD ****
make -j4 all 
arm-none-eabi-gcc "../ECAUL/LCD.c" -mcpu=cortex-m4 -std=gnu11 -g3 -DDEBUG -DUSE_HAL_DRIVER -DSTM32F407xx -c -I../Core/Inc -I"C:/Users/PurplE/Documents/RTC_LCD/RTC_LCD/ECAUL" -I../Drivers/STM32F4xx_HAL_Driver/Inc -I../Drivers/STM32F4xx_HAL_Driver/Inc/Legacy -I../Drivers/CMSIS/Device/ST/STM32F4xx/Include -I../Drivers/CMSIS/Include -O0 -ffunction-sections -fdata-sections -Wall -fstack-usage -fcyclomatic-complexity -MMD -MP -MF"ECAUL/LCD.d" -MT"ECAUL/LCD.o" --specs=nano.specs -mfpu=fpv4-sp-d16 -mfloat-abi=hard -mthumb -o "ECAUL/LCD.o"
arm-none-eabi-gcc -o "RTC_LCD.elf" @"objects.list"   -mcpu=cortex-m4 -T"C:\Users\PurplE\Documents\RTC_LCD\RTC_LCD\STM32F407VGTX_FLASH.ld" --specs=nosys.specs -Wl,-Map="RTC_LCD.map" -Wl,--gc-sections -static -specs=rdimon.specs -lc -lrdimon --specs=nano.specs -mfpu=fpv4-sp-d16 -mfloat-abi=hard -mthumb -Wl,--start-group -lc -lm -Wl,--end-group
Finished building target: RTC_LCD.elf
 
arm-none-eabi-size  RTC_LCD.elf 
arm-none-eabi-objdump -h -S RTC_LCD.elf  > "RTC_LCD.list"
   text	   data	    bss	    dec	    hex	filename
  13708	    112	   2192	  16012	   3e8c	RTC_LCD.elf
Finished building: default.size.stdout
 
Finished building: RTC_LCD.list
 
17:15:23 **** Incremental Build of configuration Debug for project RTC_LCD ****
make -j4 all 
arm-none-eabi-size  RTC_LCD.elf 
   text	   data	    bss	    dec	    hex	filename
  13708	    112	   2192	  16012	   3e8c	RTC_LCD.elf
Finished building: default.size.stdout
 
17:16:02 **** Incremental Build of configuration Debug for project RTC_LCD ****
make -j4 all 
arm-none-eabi-gcc "../Core/Src/main.c" -mcpu=cortex-m4 -std=gnu11 -g3 -DDEBUG -DUSE_HAL_DRIVER -DSTM32F407xx -c -I../Core/Inc -I"C:/Users/PurplE/Documents/RTC_LCD/RTC_LCD/ECAUL" -I../Drivers/STM32F4xx_HAL_Driver/Inc -I../Drivers/STM32F4xx_HAL_Driver/Inc/Legacy -I../Drivers/CMSIS/Device/ST/STM32F4xx/Include -I../Drivers/CMSIS/Include -O0 -ffunction-sections -fdata-sections -Wall -fstack-usage -fcyclomatic-complexity -MMD -MP -MF"Core/Src/main.d" -MT"Core/Src/main.o" --specs=nano.specs -mfpu=fpv4-sp-d16 -mfloat-abi=hard -mthumb -o "Core/Src/main.o"
arm-none-eabi-gcc -o "RTC_LCD.elf" @"objects.list"   -mcpu=cortex-m4 -T"C:\Users\PurplE\Documents\RTC_LCD\RTC_LCD\STM32F407VGTX_FLASH.ld" --specs=nosys.specs -Wl,-Map="RTC_LCD.map" -Wl,--gc-sections -static -specs=rdimon.specs -lc -lrdimon --specs=nano.specs -mfpu=fpv4-sp-d16 -mfloat-abi=hard -mthumb -Wl,--start-group -lc -lm -Wl,--end-group
Finished building target: RTC_LCD.elf
 
arm-none-eabi-size  RTC_LCD.elf 
arm-none-eabi-objdump -h -S RTC_LCD.elf  > "RTC_LCD.list"
   text	   data	    bss	    dec	    hex	filename
  13708	    112	   2192	  16012	   3e8c	RTC_LCD.elf
Finished building: default.size.stdout
 
Finished building: RTC_LCD.list
 
17:16:24 **** Incremental Build of configuration Debug for project RTC_LCD ****
make -j4 all 
arm-none-eabi-size  RTC_LCD.elf 
   text	   data	    bss	    dec	    hex	filename
  13708	    112	   2192	  16012	   3e8c	RTC_LCD.elf
Finished building: default.size.stdout
 
